[14:40:12] [main/INFO] (FabricLoader/GameProvider) Loading Minecraft 1.21.1 with Fabric Loader 0.19.2
[14:40:12] [main/DEBUG] (FabricLoader/GamePatch) Found game constructor: net.minecraft.client.main.Main -> net.minecraft.client.Minecraft
[14:40:12] [main/DEBUG] (FabricLoader/GamePatch) Patching game constructor <init>(Lnet/minecraft/client/main/GameConfig;)V
[14:40:12] [main/DEBUG] (FabricLoader/GamePatch) Run directory field is thought to be net/minecraft/client/Minecraft/gameDirectory
[14:40:12] [main/DEBUG] (FabricLoader/GamePatch) Applying brand name hook to net/minecraft/client/ClientBrandRetriever::getClientModName
[14:40:12] [main/DEBUG] (FabricLoader/GamePatch) Applying brand name hook to net/minecraft/server/MinecraftServer::getServerModName
[14:40:12] [main/DEBUG] (FabricLoader/GamePatch) Patched 3 classs
[14:40:12] [main/DEBUG] (FabricLoader/Discovery) Mod discovery time: 36.3 ms
[14:40:12] [main/DEBUG] (FabricLoader/Resolution) Mod resolution time: 79.9 ms
[14:40:12] [main/INFO] (FabricLoader) Loading 85 mods:
	- appleskin 3.0.6+mc1.21
	   \-- cloth-config 15.0.127
	        \-- cloth-basic-math 0.6.1
	- catalogue 1.11.2
	- configured 2.6.3
	- createfood 2.5.0
	- fabric-api 0.116.11+1.21.1
	- fabric-api-base 0.4.42+6573ed8cd1
	- fabric-api-lookup-api-v1 1.6.72+7b3d111d19
	- fabric-biome-api-v1 13.0.31+d527f9fd19
	- fabric-block-api-v1 1.1.0+0bc3503219
	- fabric-block-view-api-v2 1.0.11+ebb2264e19
	- fabric-blockrenderlayer-v1 1.1.52+0af3f5a719
	- fabric-client-tags-api-v1 1.1.15+6573ed8cd1
	- fabric-command-api-v1 1.2.49+f71b366fd1
	- fabric-command-api-v2 2.2.28+6ced4dd919
	- fabric-commands-v0 0.2.66+df3654b319
	- fabric-content-registries-v0 8.0.19+b559734419
	- fabric-convention-tags-v1 2.1.7+7f945d5b19
	- fabric-convention-tags-v2 2.12.0+c3656daa19
	- fabric-crash-report-info-v1 0.2.29+0af3f5a719
	- fabric-data-attachment-api-v1 1.4.6+5b36e0f719
	- fabric-data-generation-api-v1 20.2.37+60a6976219
	- fabric-dimensions-v1 4.0.1+65213ef819
	- fabric-entity-events-v1 1.8.0+2b27e0a419
	- fabric-events-interaction-v0 0.7.13+ba9dae0619
	- fabric-game-rule-api-v1 1.0.53+6ced4dd919
	- fabric-gametest-api-v1 2.0.5+6fc22b9919
	- fabric-item-api-v1 11.2.0+3b3cb2e819
	- fabric-item-group-api-v1 4.1.7+def88e3a19
	- fabric-key-binding-api-v1 1.0.47+0af3f5a719
	- fabric-keybindings-v0 0.2.45+df3654b319
	- fabric-lifecycle-events-v1 2.6.0+0865547519
	- fabric-loot-api-v2 3.0.15+3f89f5a519
	- fabric-loot-api-v3 1.0.3+3f89f5a519
	- fabric-message-api-v1 6.0.14+8aaf3aca19
	- fabric-model-loading-api-v1 2.1.0+b4d813fc19
	- fabric-networking-api-v1 4.3.0+c7469b2119
	- fabric-object-builder-api-v1 15.2.1+40875a9319
	- fabric-particles-v1 4.0.2+6573ed8cd1
	- fabric-recipe-api-v1 5.0.15+2475392c19
	- fabric-registry-sync-v0 5.3.1+e3eddc2119
	- fabric-renderer-api-v1 3.4.1+b4d813fc19
	- fabric-renderer-indigo 1.7.1+c705a49c19
	- fabric-renderer-registries-v1 3.2.69+df3654b319
	- fabric-rendering-data-attachment-v1 0.3.49+73761d2e19
	- fabric-rendering-fluids-v1 3.1.6+1daea21519
	- fabric-rendering-v0 1.1.72+df3654b319
	- fabric-rendering-v1 5.1.0+ab4c25a019
	- fabric-resource-conditions-api-v1 4.3.0+8dc279b119
	- fabric-resource-loader-v0 1.3.1+5b5275af19
	- fabric-screen-api-v1 2.0.25+8b68f1c719
	- fabric-screen-handler-api-v1 1.3.90+b559734419
	- fabric-sound-api-v1 1.0.23+6573ed8cd1
	- fabric-transfer-api-v1 5.4.4+7b3d111d19
	- fabric-transitive-access-wideners-v1 6.2.0+45b9699719
	- fabricloader 0.19.2
	- farmersdelight 1.21.1-3.3.3+refabricated
	- java 21
	- jei 19.27.0.340
	- minecraft 1.21.1
	- mixinextras 0.5.4
	- mm 2.3
	- porting_lib_accessors 3.1.0-beta+fdrf.1+1.21
	- porting_lib_asm 3.1.0-beta+fdrf.1+1.21
	- porting_lib_attributes 3.1.0-beta+fdrf.1+1.21
	- porting_lib_base 3.1.0-beta+fdrf.1+1.21
	- porting_lib_blocks 3.1.0-beta+fdrf.1+1.21
	- porting_lib_common 3.1.0-beta+fdrf.1+1.21
	- porting_lib_conditions 3.1.0-beta+fdrf.1+1.21
	- porting_lib_config 3.1.0-beta+fdrf.1+1.21
	- porting_lib_core 3.1.0-beta+fdrf.1+1.21
	- porting_lib_entity 3.1.0-beta+fdrf.1+1.21
	- porting_lib_extensions 3.1.0-beta+fdrf.1+1.21
	- porting_lib_fluids 3.1.0-beta+fdrf.1+1.21
	- porting_lib_gametest 3.1.0-beta+fdrf.1+1.21
	- porting_lib_gui_utils 3.1.0-beta+fdrf.1+1.21
	- porting_lib_item_abilities 3.1.0-beta+fdrf.1+1.21
	- porting_lib_lazy_registration 3.1.0-beta+fdrf.1+1.21
	- porting_lib_level_events 3.1.0-beta+fdrf.1+1.21
	- porting_lib_loot 3.1.0-beta+fdrf.1+1.21
	- porting_lib_mixin_extensions 3.1.0-beta+fdrf.1+1.21
	- porting_lib_recipe_book_categories 3.1.0-beta+fdrf.1+1.21
	- porting_lib_tags 3.0
	- porting_lib_transfer 3.1.0-beta+fdrf.1+1.21
[14:40:16] [main/ERROR] (FabricLoader) Failed to remap mods!
net.fabricmc.loader.impl.FormattedException: java.util.concurrent.CompletionException: java.lang.NullPointerException: Cannot invoke "org.objectweb.asm.FieldVisitor.visitAttribute(org.objectweb.asm.Attribute)" because "visitor" is null
	at net.fabricmc.loader.impl.discovery.RuntimeModRemapper.remap(RuntimeModRemapper.java:221) ~[fabric-loader-0.19.2.jar:?]
	at net.fabricmc.loader.impl.FabricLoaderImpl.setup(FabricLoaderImpl.java:250) ~[fabric-loader-0.19.2.jar:?]
	at net.fabricmc.loader.impl.FabricLoaderImpl.load(FabricLoaderImpl.java:199) ~[fabric-loader-0.19.2.jar:?]
	at net.fabricmc.loader.impl.launch.knot.Knot.init(Knot.java:142) ~[fabric-loader-0.19.2.jar:?]
	at net.fabricmc.loader.impl.launch.knot.Knot.launch(Knot.java:66) [fabric-loader-0.19.2.jar:?]
	at net.fabricmc.loader.impl.launch.knot.KnotClient.main(KnotClient.java:23) [fabric-loader-0.19.2.jar:?]
	at net.fabricmc.devlaunchinjector.Main.main(Main.java:86) [dev-launch-injector-0.2.1+build.8.jar:?]
Caused by: java.util.concurrent.CompletionException: java.lang.NullPointerException: Cannot invoke "org.objectweb.asm.FieldVisitor.visitAttribute(org.objectweb.asm.Attribute)" because "visitor" is null
	at java.base/java.util.concurrent.CompletableFuture.encodeThrowable(CompletableFuture.java:315) ~[?:?]
	at java.base/java.util.concurrent.CompletableFuture.completeThrowable(CompletableFuture.java:320) ~[?:?]
	at java.base/java.util.concurrent.CompletableFuture$AsyncSupply.run(CompletableFuture.java:1770) ~[?:?]
	at java.base/java.util.concurrent.ThreadPoolExecutor.runWorker(ThreadPoolExecutor.java:1144) ~[?:?]
	at java.base/java.util.concurrent.ThreadPoolExecutor$Worker.run(ThreadPoolExecutor.java:642) ~[?:?]
	at java.base/java.lang.Thread.run(Thread.java:1583) ~[?:?]
Caused by: java.lang.NullPointerException: Cannot invoke "org.objectweb.asm.FieldVisitor.visitAttribute(org.objectweb.asm.Attribute)" because "visitor" is null
	at net.fabricmc.loader.impl.lib.classtweaker.classvisitor.EnumExtensionClassVisitor.visitEnd(EnumExtensionClassVisitor.java:116) ~[fabric-loader-0.19.2.jar:?]
	at org.objectweb.asm.ClassReader.accept(ClassReader.java:749) ~[asm-9.9.jar:9.9]
	at org.objectweb.asm.ClassReader.accept(ClassReader.java:425) ~[asm-9.9.jar:9.9]
	at net.fabricmc.loader.impl.lib.tinyremapper.TinyRemapper.analyze(TinyRemapper.java:701) ~[fabric-loader-0.19.2.jar:?]
	at net.fabricmc.loader.impl.lib.tinyremapper.TinyRemapper.access$400(TinyRemapper.java:77) ~[fabric-loader-0.19.2.jar:?]
	at net.fabricmc.loader.impl.lib.tinyremapper.TinyRemapper$2.visitFile(TinyRemapper.java:590) ~[fabric-loader-0.19.2.jar:?]
	at net.fabricmc.loader.impl.lib.tinyremapper.TinyRemapper$2.visitFile(TinyRemapper.java:586) ~[fabric-loader-0.19.2.jar:?]
	at java.base/java.nio.file.Files.walkFileTree(Files.java:2786) ~[?:?]
	at java.base/java.nio.file.Files.walkFileTree(Files.java:2857) ~[?:?]
	at net.fabricmc.loader.impl.lib.tinyremapper.TinyRemapper.readFile(TinyRemapper.java:586) ~[fabric-loader-0.19.2.jar:?]
	at net.fabricmc.loader.impl.lib.tinyremapper.TinyRemapper.access$200(TinyRemapper.java:77) ~[fabric-loader-0.19.2.jar:?]
	at net.fabricmc.loader.impl.lib.tinyremapper.TinyRemapper$1$1.get(TinyRemapper.java:558) ~[fabric-loader-0.19.2.jar:?]
	at net.fabricmc.loader.impl.lib.tinyremapper.TinyRemapper$1$1.get(TinyRemapper.java:554) ~[fabric-loader-0.19.2.jar:?]
	at java.base/java.util.concurrent.CompletableFuture$AsyncSupply.run(CompletableFuture.java:1768) ~[?:?]
	at java.base/java.util.concurrent.ThreadPoolExecutor.runWorker(ThreadPoolExecutor.java:1144) ~[?:?]
	at java.base/java.util.concurrent.ThreadPoolExecutor$Worker.run(ThreadPoolExecutor.java:642) ~[?:?]
	at java.base/java.lang.Thread.run(Thread.java:1583) ~[?:?]
